// Jest Snapshot v1, https://goo.gl/fbAQLP

exports[`<PmInventoryModeSwitch /> component renders component 1`] = `
Object {
  "props": Object {
    "userContext": Object {
      "userType": "storekeeper",
    },
  },
  "wrapper": <ContextProvider
    value={
      Object {
        "store": Object {
          "dispatch": [Function],
          "getState": [Function],
          "replaceReducer": [Function],
          "subscribe": [Function],
          Symbol(observable): [Function],
        },
        "subscription": Subscription {
          "handleChangeWrapper": [Function],
          "listeners": Object {
            "notify": [Function],
          },
          "onStateChange": [Function],
          "parentSub": undefined,
          "store": Object {
            "dispatch": [Function],
            "getState": [Function],
            "replaceReducer": [Function],
            "subscribe": [Function],
            Symbol(observable): [Function],
          },
          "unsubscribe": null,
        },
      }
    }
  >
    <Connect(PmInventoryModeSwitch) />
  </ContextProvider>,
}
`;
